Script started on Fri 31 Aug 2018 09:34:34 AM EDT
bash-3.2$ ./doit sleep 5
======== PROCESS STATS ========
User CPU TIME:            0ms
Sys CPU TIME:             0ms
Wall Clock Time:          5001ms
Involuntary Preemptions:  0
Voluntary CPU Loss:       2
Major Page Faults:        0
Minor Page Faults:        175
Max Resident Set Size:    536
bash-3.2$ doit      ./doit wc doit.c
 133  425 4219 doit.c
======== PROCESS STATS ========
User CPU TIME:            0ms
Sys CPU TIME:             0ms
Wall Clock Time:          2ms
Involuntary Preemptions:  2
Voluntary CPU Loss:       4
Major Page Faults:        0
Minor Page Faults:        180
Max Resident Set Size:    552
bash-3.2$ ./doit
-->wc doit.c
 133  425 4219 doit.c
======== PROCESS STATS ========
User CPU TIME:            0ms
Sys CPU TIME:             0ms
Wall Clock Time:          1ms
Involuntary Preemptions:  2
Voluntary CPU Loss:       2
Major Page Faults:        0
Minor Page Faults:        181
Max Resident Set Size:    556
-->sleep 3
======== PROCESS STATS ========
User CPU TIME:            0ms
Sys CPU TIME:             0ms
Wall Clock Time:          3001ms
Involuntary Preemptions:  3
Voluntary CPU Loss:       4
Major Page Faults:        0
Minor Page Faults:        356
Max Resident Set Size:    556
-->set prompt  ^H= =)
Execvp error
======== PROCESS STATS ========
User CPU TIME:            0ms
Sys CPU TIME:             0ms
Wall Clock Time:          8ms
Involuntary Preemptions:  4
Voluntary CPU Loss:       15
Major Page Faults:        0
Minor Page Faults:        403
Max Resident Set Size:    556
-->set prompt = =)
Execvp error
======== PROCESS STATS ========
User CPU TIME:            0ms
Sys CPU TIME:             0ms
Wall Clock Time:          0ms
Involuntary Preemptions:  4
Voluntary CPU Loss:       16
Major Page Faults:        0
Minor Page Faults:        450
Max Resident Set Size:    556
=)set prompt = customPrompt-->
Execvp error
======== PROCESS STATS ========
User CPU TIME:            0ms
Sys CPU TIME:             0ms
Wall Clock Time:          0ms
Involuntary Preemptions:  4
Voluntary CPU Loss:       17
Major Page Faults:        0
Minor Page Faults:        497
Max Resident Set Size:    556
customPrompt-->cd
Current dir: /isihome/mamatticoli/My_Documents/CS3013/HW1
customPrompt-->cd ..
Current dir: /isihome/mamatticoli/My_Documents/CS3013
customPrompt-->cd
Current dir: /isihome/mamatticoli/My_Documents/CS3013
customPrompt-->ls
HW1  README.md
======== PROCESS STATS ========
User CPU TIME:            0ms
Sys CPU TIME:             1ms
Wall Clock Time:          2ms
Involuntary Preemptions:  6
Voluntary CPU Loss:       20
Major Page Faults:        0
Minor Page Faults:        769
Max Resident Set Size:    864
customPrompt-->cd HW1
Current dir: /isihome/mamatticoli/My_Documents/CS3013/HW1
customPrompt-->ls
a.out  doit  doit.c  typescript
======== PROCESS STATS ========
User CPU TIME:            0ms
Sys CPU TIME:             2ms
Wall Clock Time:          2ms
Involuntary Preemptions:  8
Voluntary CPU Loss:       22
Major Page Faults:        0
Minor Page Faults:        1040
Max Resident Set Size:    864
customPrompt-->exit
Exit: doit shell will now terminate

bash-3.2$ ./doit
-->No command entered
EOF: doit shell will now terminate

bash-3.2$ exit
exit

Script done on Fri 31 Aug 2018 09:36:57 AM EDT
